Microchip MPLAB XC8 Compiler V2.40

Linker command line:

-W-3 \
  --edf=C:\Program Files\Microchip\xc8\v2.40\pic\dat\20220703182018_en.msgs \
  -cn -h+dist/default/production\PIC16F877A.production.sym \
  --cmf=dist/default/production\PIC16F877A.production.cmf -z -Q16F877A \
  -oC:\Users\NoName\AppData\Local\Temp\xcAs14uc.4 --defsym=__MPLAB_BUILD=1 \
  --fixupoverflow=error -Mdist/default/production/PIC16F877A.production.map \
  --md=C:\Users\NoName\AppData\Local\Temp\xcAs14uc.dat -E1 \
  -ver=XC8 Compiler --acfsm=1493 -ACODE=00h-07FFhx4 -ASTRCODE=00h-01FFFh \
  -ASTRING=00h-0FFhx32 -ACONST=00h-0FFhx32 -AENTRY=00h-0FFhx32 \
  -ACOMMON=070h-07Fh -ABANK0=020h-06Fh -ABANK1=0A0h-0EFh \
  -ABANK2=0110h-016Fh -ABANK3=0190h-01EFh \
  -ARAM=020h-06Fh,0A0h-0EFh,0110h-016Fh,0190h-01EFh \
  -AABS1=020h-07Fh,0A0h-0EFh,0110h-016Fh,0190h-01EFh -ASFR0=00h-01Fh \
  -ASFR1=080h-09Fh -ASFR2=0100h-010Fh -ASFR3=0180h-018Fh \
  -ACONFIG=02007h-02007h -DCONFIG=2 -AIDLOC=02000h-02003h -DIDLOC=2 \
  -AEEDATA=00h-0FFh/02100h -peeprom_data=EEDATA -DEEDATA=2 -DCODE=2 \
  -DSTRCODE=2 -DSTRING=2 -DCONST=2 -DENTRY=2 \
  -preset_vec=00h,intentry,init,end_init -ppowerup=CODE -pcinit=CODE \
  -pfunctab=ENTRY -k C:\Users\NoName\AppData\Local\Temp\xcAs14uc.o \
  dist/default/production\PIC16F877A.production.o 

Object code version is 3.11

Machine type is 16F877A



                Name                               Link     Load   Length Selector   Space Scale
C:\Users\NoName\AppData\Local\Temp\xcAs14uc.o
                end_init                              0        0        3        0       0
                config                             2007     2007        1        0       4
                idloc                              2000     2000        4        0       5
dist/default/production\PIC16F877A.production.o
                cinit                               7E5      7E5       1B      FCA       0
                config                             2007     2007        1        0       4
                idloc                              2000     2000        4        0       5
                text9                               5DD      5DD       13      BBA       0
                text8                               66A      66A       2F      CD4       0
                text7                               61D      61D       24      C3A       0
                text6                               699      699       31      D32       0
                text5                               5F0      5F0       14      BE0       0
                text4                               604      604       19      C08       0
                text3                               743      743       A2      E86       0
                text2                               6CA      6CA       3A      D94       0
                text1                               641      641       29      C82       0
                maintext                            704      704       3F      E08       0
                cstackBANK0                          2D       2D        1       20       1
                cstackCOMMON                         70       70        E       70       1
                dataBANK0                            28       28        4       20       1
                bssBANK0                             2C       2C        1       20       1
                strings                               3        3       21        6       0
                nvBANK0                              20       20        8       20       1
                idataBANK0                          5D9      5D9        4      BB2       0

TOTAL           Name                               Link     Load   Length     Space
        CLASS   CODE           
                end_init                              0        0        3         0
                cinit                               7E5      7E5       1B         0
                text9                               5DD      5DD       13         0
                text8                               66A      66A       2F         0
                text7                               61D      61D       24         0
                text6                               699      699       31         0
                text5                               5F0      5F0       14         0
                text4                               604      604       19         0
                text3                               743      743       A2         0
                text2                               6CA      6CA       3A         0
                text1                               641      641       29         0
                maintext                            704      704       3F         0
                idataBANK0                          5D9      5D9        4         0

        CLASS   STRCODE        

        CLASS   STRING         
                strings                               3        3       21         0

        CLASS   CONST          

        CLASS   ENTRY          

        CLASS   COMMON         
                cstackCOMMON                         70       70        E         1

        CLASS   BANK0          
                cstackBANK0                          2D       2D        1         1
                dataBANK0                            28       28        4         1
                bssBANK0                             2C       2C        1         1
                nvBANK0                              20       20        8         1

        CLASS   BANK1          

        CLASS   BANK2          

        CLASS   BANK3          

        CLASS   RAM            

        CLASS   ABS1           
                abs_s1                               7E       7E        2         1

        CLASS   SFR0           

        CLASS   SFR1           

        CLASS   SFR2           

        CLASS   SFR3           

        CLASS   CONFIG         
                config                             2007     2007        1         4

        CLASS   IDLOC          
                idloc                              2000     2000        4         5

        CLASS   EEDATA         

        CLASS   STACK          



SEGMENTS        Name                           Load    Length   Top    Selector   Space  Class     Delta

                reset_vec                      000000  000003  000003         0       0  CODE        2
                strings                        000003  000021  000024         6       0  STRING      2
                nvBANK0                        000020  00000E  00002E        20       1  BANK0       1
                cstackCOMMON                   000070  00000E  00007E        70       1  COMMON      1
                idataBANK0                     0005D9  000004  0005DD       BB2       0  CODE        2
                text9                          0005DD  000013  0005F0       BBA       0  CODE        2
                text5                          0005F0  000014  000604       BE0       0  CODE        2
                text4                          000604  000019  00061D       C08       0  CODE        2
                text7                          00061D  000024  000641       C3A       0  CODE        2
                text1                          000641  000029  00066A       C82       0  CODE        2
                text8                          00066A  00002F  000699       CD4       0  CODE        2
                text6                          000699  000031  0006CA       D32       0  CODE        2
                text2                          0006CA  00003A  000704       D94       0  CODE        2
                maintext                       000704  00003F  000743       E08       0  CODE        2
                text3                          000743  0000A2  0007E5       E86       0  CODE        2
                cinit                          0007E5  00001B  000800       FCA       0  CODE        2


UNUSED ADDRESS RANGES

        Name                Unused          Largest block    Delta
        BANK0            002E-006F             42           1
        BANK1            00A0-00EF             50           1
        BANK2            0110-016F             60           1
        BANK3            0190-01EF             60           1
        CODE             0024-05D8            5B5           2
                         0800-1FFF            800
        CONST            0024-05D8            100           2
                         0800-1FFF            100
        EEDATA           2100-21FF            100           2
        ENTRY            0024-05D8            100           2
                         0800-1FFF            100
        RAM              002E-006F             42           1
                         00A0-00EF             50
                         0110-016F             60
                         0190-01EF             60
        SFR0             0000-001F             20           1
        SFR1             0080-009F             20           1
        SFR2             0100-010F             10           1
        SFR3             0180-018F             10           1
        STRCODE          0024-05D8            5B5           2
                         0800-1FFF           1800
        STRING           0024-05D8            100           2
                         0800-1FFF            100

                                  Symbol Table

LCD@_p                   cstackCOMMON 0070
LCD@d4                   cstackCOMMON 0074
LCD@d5                   cstackCOMMON 0075
LCD@d6                   cstackCOMMON 0076
LCD@d7                   cstackCOMMON 0077
LCD@en                   cstackCOMMON 0073
LCD@rs                   cstackCOMMON 0072
LCD_Begin@_function_set  cstackBANK0  002D
LCD_Begin@lines          cstackCOMMON 007A
LCD_Goto@col             cstackCOMMON 007B
LCD_Goto@row             cstackCOMMON 0078
LCD_PutS@_str            cstackCOMMON 007A
LCD_PutS@i               cstackCOMMON 0079
WriteByte@b              cstackCOMMON 0077
WriteNibble@b            cstackCOMMON 0075
WritePin@_pin            cstackCOMMON 0073
WritePin@val             cstackCOMMON 0070
_EnablePulse             text7        061D
_LCD                     text9        05DD
_LCD_Begin               text3        0743
_LCD_Clear               text4        0604
_LCD_D4                  nvBANK0      0025
_LCD_D5                  nvBANK0      0024
_LCD_D6                  nvBANK0      0023
_LCD_D7                  nvBANK0      0022
_LCD_EN                  nvBANK0      0026
_LCD_Goto                text2        06CA
_LCD_PutS                text1        0641
_LCD_RS                  nvBANK0      0027
_PORTD                   (abs)        0008
_TRISD                   (abs)        0088
_WriteByte               text5        05F0
_WriteNibble             text6        0699
_WritePin                text8        066A
__Habs1                  abs1         0000
__Hbank0                 bank0        0000
__Hbank1                 bank1        0000
__Hbank2                 bank2        0000
__Hbank3                 bank3        0000
__HbssBANK0              bssBANK0     0000
__Hcinit                 cinit        0800
__Hclrtext               clrtext      0000
__Hcode                  code         0000
__Hcommon                common       0000
__Hconfig                config       2008
__HcstackBANK0           cstackBANK0  0000
__HcstackCOMMON          cstackCOMMON 0000
__HdataBANK0             dataBANK0    0000
__Heeprom_data           eeprom_data  0000
__Hend_init              end_init     0003
__Hfunctab               functab      0000
__HidataBANK0            idataBANK0   0000
__Hidloc                 idloc        2004
__Hinit                  init         0000
__Hintentry              intentry     0000
__Hmaintext              maintext     0000
__HnvBANK0               nvBANK0      0000
__Hpowerup               powerup      0000
__Hram                   ram          0000
__Hreset_vec             reset_vec    0000
__Hsfr0                  sfr0         0000
__Hsfr1                  sfr1         0000
__Hsfr2                  sfr2         0000
__Hsfr3                  sfr3         0000
__Hspace_0               (abs)        0800
__Hspace_1               (abs)        007E
__Hspace_2               (abs)        0000
__Hspace_3               (abs)        0000
__Hspace_4               (abs)        400F
__Hstack                 stack        0000
__Hstrings               strings      0000
__Htext                  text         0000
__Labs1                  abs1         0000
__Lbank0                 bank0        0000
__Lbank1                 bank1        0000
__Lbank2                 bank2        0000
__Lbank3                 bank3        0000
__LbssBANK0              bssBANK0     0000
__Lcinit                 cinit        07E5
__Lclrtext               clrtext      0000
__Lcode                  code         0000
__Lcommon                common       0000
__Lconfig                config       0000
__LcstackBANK0           cstackBANK0  0000
__LcstackCOMMON          cstackCOMMON 0000
__LdataBANK0             dataBANK0    0000
__Leeprom_data           eeprom_data  0000
__Lend_init              end_init     0000
__Lfunctab               functab      0000
__LidataBANK0            idataBANK0   0000
__Lidloc                 idloc        0000
__Linit                  init         0000
__Lintentry              intentry     0000
__Lmaintext              maintext     0000
__LnvBANK0               nvBANK0      0000
__Lpowerup               powerup      0000
__Lram                   ram          0000
__Lreset_vec             reset_vec    0000
__Lsfr0                  sfr0         0000
__Lsfr1                  sfr1         0000
__Lsfr2                  sfr2         0000
__Lsfr3                  sfr3         0000
__Lspace_0               (abs)        0000
__Lspace_1               (abs)        0000
__Lspace_2               (abs)        0000
__Lspace_3               (abs)        0000
__Lspace_4               (abs)        0000
__Lstack                 stack        0000
__Lstrings               strings      0000
__Ltext                  text         0000
__S0                     (abs)        0800
__S1                     (abs)        007E
__S3                     (abs)        0000
___int_sp                stack        0000
___latbits               (abs)        0002
___sp                    stack        0000
___stackhi               (abs)        0000
___stacklo               (abs)        0000
__displaycontrol         bssBANK0     002C
__end_of_EnablePulse     text7        0641
__end_of_LCD             text9        05F0
__end_of_LCD_Begin       text3        07E5
__end_of_LCD_Clear       text4        061D
__end_of_LCD_Goto        text2        0704
__end_of_LCD_PutS        text1        066A
__end_of_WriteByte       text5        0604
__end_of_WriteNibble     text6        06CA
__end_of_WritePin        text8        0699
__end_of__initialization cinit        07FC
__end_of__stringtab      strings      0009
__end_of_main            maintext     0743
__initialization         cinit        07E5
__pbssBANK0              bssBANK0     002C
__pcstackBANK0           cstackBANK0  002D
__pcstackCOMMON          cstackCOMMON 0070
__pdataBANK0             dataBANK0    0028
__pidataBANK0            idataBANK0   05D9
__pmaintext              maintext     0704
__pnvBANK0               nvBANK0      0020
__port                   nvBANK0      0020
__pstrings               strings      0003
__ptext1                 text1        0641
__ptext2                 text2        06CA
__ptext3                 text3        0743
__ptext4                 text4        0604
__ptext5                 text5        05F0
__ptext6                 text6        0699
__ptext7                 text7        061D
__ptext8                 text8        066A
__ptext9                 text9        05DD
__stringbase             strings      0008
__stringtab              strings      0003
_main                    maintext     0704
btemp                    (abs)        007E
end_of_initialization    cinit        07FC
intlevel0                functab      0000
intlevel1                functab      0000
intlevel2                functab      0000
intlevel3                functab      0000
intlevel4                functab      0000
intlevel5                functab      0000
reset_vec                reset_vec    0000
start                    init         0000
start_initialization     cinit        07E5
wtemp0                   (abs)        007E


MODULE INFORMATION

Module		Function		Class		Link	Load	Size
../lcd.c
		_WritePin      		CODE           	066A	0000	47
		_EnablePulse   		CODE           	061D	0000	36
		_LCD_PutS      		CODE           	0641	0000	41
		_LCD           		CODE           	05DD	0000	19
		_WriteByte     		CODE           	05F0	0000	20
		_LCD_Begin     		CODE           	0743	0000	162
		_WriteNibble   		CODE           	0699	0000	49
		_LCD_Clear     		CODE           	0604	0000	25
		_LCD_Goto      		CODE           	06CA	0000	58

../lcd.c estimated size: 457

shared
		__stringtab    		STRING         	0003	0000	6
		__initialization		CODE           	07E5	0000	23

shared estimated size: 29

main.c
		_main          		CODE           	0704	0000	63

main.c estimated size: 63

