Microchip MPLAB XC8 Compiler V2.40

Linker command line:

-W-3 \
  --edf=C:\Program Files\Microchip\xc8\v2.40\pic\dat\20220703182018_en.msgs \
  -cn -h+dist/default/production\PIC18F46K42.production.sym \
  --cmf=dist/default/production\PIC18F46K42.production.cmf -z -Q18F46K42 \
  -oC:\Users\NoName\AppData\Local\Temp\xcAs44c.4 --defsym=__MPLAB_BUILD=1 \
  --fixupoverflow=error \
  -Mdist/default/production/PIC18F46K42.production.map \
  --md=C:\Users\NoName\AppData\Local\Temp\xcAs44c.dat -E1 -ver=XC8 Compiler \
  --acfsm=1493 -ACODE=00h-0FFFFh -ACONST=00h-0FFFFh \
  -ASMALLCONST=01000h-010FFhx240 -AMEDIUMCONST=01000h-0FFFFh \
  -ACOMRAM=01h-05Fh -AABS1=00h-0FFFh -ABIGRAM=01h-0FFFh \
  -ARAM=060h-0FFh,0100h-01FFhx15 -ABANK0=060h-0FFh -ABANK1=0100h-01FFh \
  -ABANK2=0200h-02FFh -ABANK3=0300h-03FFh -ABANK4=0400h-04FFh \
  -ABANK5=0500h-05FFh -ABANK6=0600h-06FFh -ABANK7=0700h-07FFh \
  -ABANK8=0800h-08FFh -ABANK9=0900h-09FFh -ABANK10=0A00h-0AFFh \
  -ABANK11=0B00h-0BFFh -ABANK12=0C00h-0CFFh -ABANK13=0D00h-0DFFh \
  -ABANK14=0E00h-0EFFh -ABANK15=0F00h-0FFFh \
  -ASFR=03800h-038FFhx7,03F00h-03F5Fh,03F60h-03FFFh -ABIGSFR=03800h-03FFFh \
  -ACONFIG=0300000h-0300009h -AIDLOC=0200000h-020000Fh \
  -AEEDATA=0310000h-03103FFh -peeprom_data=EEDATA -preset_vec=00h \
  -ppowerup=CODE,init -pramtop=01000h -psmallconst=SMALLCONST \
  -pmediumconst=MEDIUMCONST -pconst=CONST -AFARRAM=00h-00h \
  -prdata=COMRAM,nvrram=COMRAM,nvbit=COMRAM,rbss=COMRAM,rbit=COMRAM \
  -pfarbss=FARRAM,fardata=FARRAM,nvFARRAM=FARRAM \
  -pintsave_regs=BIGRAM,bigbss=BIGRAM,bigdata=BIGRAM -pbss=RAM \
  -pidata=CODE,irdata=CODE,ibigdata=CODE,ifardata=CODE -prparam=COMRAM \
  C:\Users\NoName\AppData\Local\Temp\xcAs44c.o \
  dist/default/production\PIC18F46K42.production.o 

Object code version is 3.11

Machine type is 18F46K42



                Name                               Link     Load   Length Selector   Space Scale
C:\Users\NoName\AppData\Local\Temp\xcAs44c.o
                idloc                            200000   200000       10        0       5
                config                           300000   300000        A        0       4
                init                               FFFC     FFFC        4     7FFE       0
                reset_vec                             0        0        4        0       0
dist/default/production\PIC18F46K42.production.o
                idloc                            200000   200000       10        0       5
                config                           300000   300000        A        0       4
                smallconst                         1000     1000       86      800       0
                text21                             1D74     1D74       22      843       0
                text20                             1AEA     1AEA       6E      843       0
                text19                             1CC8     1CC8       32      843       0
                text18                             1C50     1C50       40      843       0
                text17                             1DAA     1DAA       12      843       0
                text16                             1D52     1D52       22      843       0
                text15                             17AE     17AE       E0      843       0
                text14                             1CFA     1CFA       30      843       0
                text13                             19F4     19F4       7C      843       0
                text12                             1B58     1B58       62      843       0
                text11                             16BE     16BE       F0      843       0
                text10                             188E     188E       D0      843       0
                text9                              1D96     1D96       14      843       0
                text8                              1DBC     1DBC        A      843       0
                text7                              195E     195E       96      843       0
                text6                              1C0C     1C0C       44      843       0
                text5                              1A70     1A70       7A      843       0
                text4                              135A     135A      1C0      843       0
                text3                              151A     151A      1A4      843       0
                text2                              1BBA     1BBA       52      843       0
                text1                              1D2A     1D2A       28      843       0
                text0                              1086     1086      2D4      843       0
                cstackCOMRAM                          1        1       5E        1       1
                cstackBANK0                          86       86        E       60       1
                dataBANK0                            9B       9B        4       60       1
                bssBANK0                             60       60       26       60       1
                cinit                              1C90     1C90       38      843       0
                nvBANK0                              94       94        7       60       1
                nvCOMRAM                             5F       5F        1        1       1
                idataBANK0                         1DC6     1DC6        4      843       0

TOTAL           Name                               Link     Load   Length     Space
        CLASS   CODE           
                init                               FFFC     FFFC        4         0
                reset_vec                             0        0        4         0
                text21                             1D74     1D74       22         0
                text20                             1AEA     1AEA       6E         0
                text19                             1CC8     1CC8       32         0
                text18                             1C50     1C50       40         0
                text17                             1DAA     1DAA       12         0
                text16                             1D52     1D52       22         0
                text15                             17AE     17AE       E0         0
                text14                             1CFA     1CFA       30         0
                text13                             19F4     19F4       7C         0
                text12                             1B58     1B58       62         0
                text11                             16BE     16BE       F0         0
                text10                             188E     188E       D0         0
                text9                              1D96     1D96       14         0
                text8                              1DBC     1DBC        A         0
                text7                              195E     195E       96         0
                text6                              1C0C     1C0C       44         0
                text5                              1A70     1A70       7A         0
                text4                              135A     135A      1C0         0
                text3                              151A     151A      1A4         0
                text2                              1BBA     1BBA       52         0
                text1                              1D2A     1D2A       28         0
                text0                              1086     1086      2D4         0
                cinit                              1C90     1C90       38         0
                idataBANK0                         1DC6     1DC6        4         0

        CLASS   CONST          

        CLASS   SMALLCONST     
                smallconst                         1000     1000       86         0

        CLASS   MEDIUMCONST    

        CLASS   COMRAM         
                cstackCOMRAM                          1        1       5E         1
                nvCOMRAM                             5F       5F        1         1

        CLASS   ABS1           

        CLASS   BIGRAM         

        CLASS   RAM            

        CLASS   BANK0          
                cstackBANK0                          86       86        E         1
                dataBANK0                            9B       9B        4         1
                bssBANK0                             60       60       26         1
                nvBANK0                              94       94        7         1

        CLASS   BANK1          

        CLASS   BANK2          

        CLASS   BANK3          

        CLASS   BANK4          

        CLASS   BANK5          

        CLASS   BANK6          

        CLASS   BANK7          

        CLASS   BANK8          

        CLASS   BANK9          

        CLASS   BANK10         

        CLASS   BANK11         

        CLASS   BANK12         

        CLASS   BANK13         

        CLASS   BANK14         

        CLASS   BANK15         

        CLASS   SFR            

        CLASS   BIGSFR         

        CLASS   CONFIG         
                config                           300000   300000        A         4

        CLASS   IDLOC          
                idloc                            200000   200000       10         5

        CLASS   EEDATA         

        CLASS   FARRAM         

        CLASS   HEAP           

        CLASS   STACK          



SEGMENTS        Name                           Load    Length   Top    Selector   Space  Class

                reset_vec                      000000  000004  000004         0       0  CODE    
                cstackCOMRAM                   000001  00005F  000060         1       1  COMRAM  
                bssBANK0                       000060  00003F  00009F        60       1  BANK0   
                smallconst                     001000  000086  001086       800       0  SMALLCON
                text0                          001086  000D44  001DCA       843       0  CODE    
                init                           00FFFC  000004  010000      7FFE       0  CODE    


UNUSED ADDRESS RANGES

        Name                Unused          Largest block    Delta
        BANK0            00009F-0000FF               61
        BANK1            000100-0001FF              100
        BANK10           000A00-000AFF              100
        BANK11           000B00-000BFF              100
        BANK12           000C00-000CFF              100
        BANK13           000D00-000DFF              100
        BANK14           000E00-000EFF              100
        BANK15           000F00-000FFF              100
        BANK2            000200-0002FF              100
        BANK3            000300-0003FF              100
        BANK4            000400-0004FF              100
        BANK5            000500-0005FF              100
        BANK6            000600-0006FF              100
        BANK7            000700-0007FF              100
        BANK8            000800-0008FF              100
        BANK9            000900-0009FF              100
        BIGRAM           00009F-000FFF              F61
        BIGSFR           003800-003FFF              800
        CODE             000004-000FFF              FFC
                         001DCA-00FFFB             E232
        CONST            000004-000FFF              FFC
                         001DCA-00FFFB             E232
        EEDATA           310000-3103FF              400
        MEDIUMCONST      001DCA-00FFFB             E232
        RAM              00009F-000FFF              100
        SFR              003800-003FFF              100
        SMALLCONST       001DCA-00FFFB              100

                                  Symbol Table

?___lodiv                cstackCOMRAM 000001
?___lomod                cstackCOMRAM 000001
?_printf                 cstackBANK0  000088
?_vfprintf               cstackCOMRAM 000059
LCD@_p                   cstackCOMRAM 000001
LCD@d4                   cstackCOMRAM 000005
LCD@d5                   cstackCOMRAM 000006
LCD@d6                   cstackCOMRAM 000007
LCD@d7                   cstackCOMRAM 000008
LCD@en                   cstackCOMRAM 000004
LCD@rs                   cstackCOMRAM 000003
LCD_Begin@_function_set  cstackCOMRAM 00000C
LCD_Begin@lines          cstackCOMRAM 000009
LCD_CursorBlink@__blink  cstackCOMRAM 000008
LCD_Goto@col             cstackCOMRAM 00000B
LCD_Goto@row             cstackCOMRAM 000008
LCD_PutC@c               cstackCOMRAM 000008
LCD_PutS@_str            cstackCOMRAM 000008
LCD_PutS@i               cstackCOMRAM 00000C
WriteByte@b              cstackCOMRAM 000007
WriteNibble@b            cstackCOMRAM 000006
WritePin@_pin            cstackCOMRAM 000005
WritePin@val             cstackCOMRAM 000001
_ADCON0bits              (abs)        003EF8
_ADPCH                   (abs)        003EF1
_ADRESH                  (abs)        003EF0
_ADRESL                  (abs)        003EEF
_ANSELD                  (abs)        003A70
_EnablePulse             text19       001CC8
_LATD                    (abs)        003FBD
_LCD                     text21       001D74
_LCD_Begin               text15       0017AE
_LCD_Clear               text16       001D52
_LCD_CursorBlink         text14       001CFA
_LCD_D4                  nvBANK0      000099
_LCD_D5                  nvBANK0      000098
_LCD_D6                  nvBANK0      000097
_LCD_D7                  nvBANK0      000096
_LCD_EN                  nvBANK0      00009A
_LCD_Goto                text13       0019F4
_LCD_PutC                text9        001D96
_LCD_PutS                text12       001B58
_LCD_RS                  nvCOMRAM     00005F
_OSCCON1                 (abs)        0039D9
_OSCFRQ                  (abs)        0039DF
_TRISD                   (abs)        003FC5
_WriteByte               text17       001DAA
_WriteNibble             text18       001C50
_WritePin                text20       001AEA
__HRAM                   (abs)        000000
__Habs1                  abs1         000000
__Hbank0                 bank0        000000
__Hbank1                 bank1        000000
__Hbank10                bank10       000000
__Hbank11                bank11       000000
__Hbank12                bank12       000000
__Hbank13                bank13       000000
__Hbank14                bank14       000000
__Hbank15                bank15       000000
__Hbank2                 bank2        000000
__Hbank3                 bank3        000000
__Hbank4                 bank4        000000
__Hbank5                 bank5        000000
__Hbank6                 bank6        000000
__Hbank7                 bank7        000000
__Hbank8                 bank8        000000
__Hbank9                 bank9        000000
__Hbigbss                bigbss       000000
__Hbigdata               bigdata      000000
__Hbigram                bigram       000000
__Hbigsfr                bigsfr       000000
__Hbss                   bss          000000
__HbssBANK0              bssBANK0     000000
__Hcinit                 cinit        000000
__Hclrtext               clrtext      000000
__Hcomram                comram       000000
__Hconfig                config       30000A
__Hconst                 const        000000
__HcstackBANK0           cstackBANK0  000000
__HcstackCOMRAM          cstackCOMRAM 000000
__Hdata                  data         000000
__HdataBANK0             dataBANK0    000000
__Heeprom_data           eeprom_data  000000
__Hfarbss                farbss       000000
__Hfardata               fardata      000000
__Hheap                  heap         000000
__Hibigdata              ibigdata     000000
__Hidata                 idata        000000
__HidataBANK0            idataBANK0   000000
__Hidloc                 idloc        200010
__Hifardata              ifardata     000000
__Hinit                  init         010000
__Hintsave_regs          intsave_regs 000000
__Hirdata                irdata       000000
__Hmediumconst           mediumconst  000000
__HnvBANK0               nvBANK0      000000
__HnvCOMRAM              nvCOMRAM     000000
__HnvFARRAM              nvFARRAM     000000
__Hnvbit                 nvbit        000000
__Hnvrram                nvrram       000000
__Hparam                 rparam       000000
__Hpowerup               powerup      000000
__Hram                   ram          000000
__Hramtop                ramtop       001000
__Hrbit                  rbit         000000
__Hrbss                  rbss         000000
__Hrdata                 rdata        000000
__Hreset_vec             reset_vec    000004
__Hrparam                rparam       000000
__Hsfr                   sfr          000000
__Hsmallconst            smallconst   001086
__Hspace_0               (abs)        010000
__Hspace_1               (abs)        00009F
__Hspace_2               (abs)        000000
__Hspace_4               (abs)        60000A
__Hstack                 stack        000000
__Hstruct                struct       000000
__Htemp                  temp         000000
__Htext                  text         000000
__Htext0                 text0        000000
__Htext1                 text1        000000
__Htext10                text10       000000
__Htext11                text11       000000
__Htext12                text12       000000
__Htext13                text13       000000
__Htext14                text14       000000
__Htext15                text15       000000
__Htext16                text16       000000
__Htext17                text17       000000
__Htext18                text18       000000
__Htext19                text19       000000
__Htext2                 text2        000000
__Htext20                text20       000000
__Htext21                text21       000000
__Htext3                 text3        000000
__Htext4                 text4        000000
__Htext5                 text5        000000
__Htext6                 text6        000000
__Htext7                 text7        000000
__Htext8                 text8        000000
__Htext9                 text9        000000
__LRAM                   (abs)        000001
__Labs1                  abs1         000000
__Lbank0                 bank0        000000
__Lbank1                 bank1        000000
__Lbank10                bank10       000000
__Lbank11                bank11       000000
__Lbank12                bank12       000000
__Lbank13                bank13       000000
__Lbank14                bank14       000000
__Lbank15                bank15       000000
__Lbank2                 bank2        000000
__Lbank3                 bank3        000000
__Lbank4                 bank4        000000
__Lbank5                 bank5        000000
__Lbank6                 bank6        000000
__Lbank7                 bank7        000000
__Lbank8                 bank8        000000
__Lbank9                 bank9        000000
__Lbigbss                bigbss       000000
__Lbigdata               bigdata      000000
__Lbigram                bigram       000000
__Lbigsfr                bigsfr       000000
__Lbss                   bss          000000
__LbssBANK0              bssBANK0     000000
__Lcinit                 cinit        000000
__Lclrtext               clrtext      000000
__Lcomram                comram       000000
__Lconfig                config       000000
__Lconst                 const        000000
__LcstackBANK0           cstackBANK0  000000
__LcstackCOMRAM          cstackCOMRAM 000000
__Ldata                  data         000000
__LdataBANK0             dataBANK0    000000
__Leeprom_data           eeprom_data  000000
__Lfarbss                farbss       000000
__Lfardata               fardata      000000
__Lheap                  heap         000000
__Libigdata              ibigdata     000000
__Lidata                 idata        000000
__LidataBANK0            idataBANK0   000000
__Lidloc                 idloc        000000
__Lifardata              ifardata     000000
__Linit                  init         00FFFC
__Lintsave_regs          intsave_regs 000000
__Lirdata                irdata       000000
__Lmediumconst           mediumconst  000000
__LnvBANK0               nvBANK0      000000
__LnvCOMRAM              nvCOMRAM     000000
__LnvFARRAM              nvFARRAM     000000
__Lnvbit                 nvbit        000000
__Lnvrram                nvrram       000000
__Lparam                 rparam       000000
__Lpowerup               powerup      000000
__Lram                   ram          000000
__Lramtop                ramtop       001000
__Lrbit                  rbit         000000
__Lrbss                  rbss         000000
__Lrdata                 rdata        000000
__Lreset_vec             reset_vec    000000
__Lrparam                rparam       000000
__Lsfr                   sfr          000000
__Lsmallconst            smallconst   001000
__Lspace_0               (abs)        000000
__Lspace_1               (abs)        000000
__Lspace_2               (abs)        000000
__Lspace_4               (abs)        000000
__Lstack                 stack        000000
__Lstruct                struct       000000
__Ltemp                  temp         000000
__Ltext                  text         000000
__Ltext0                 text0        000000
__Ltext1                 text1        000000
__Ltext10                text10       000000
__Ltext11                text11       000000
__Ltext12                text12       000000
__Ltext13                text13       000000
__Ltext14                text14       000000
__Ltext15                text15       000000
__Ltext16                text16       000000
__Ltext17                text17       000000
__Ltext18                text18       000000
__Ltext19                text19       000000
__Ltext2                 text2        000000
__Ltext20                text20       000000
__Ltext21                text21       000000
__Ltext3                 text3        000000
__Ltext4                 text4        000000
__Ltext5                 text5        000000
__Ltext6                 text6        000000
__Ltext7                 text7        000000
__Ltext8                 text8        000000
__Ltext9                 text9        000000
__S0                     (abs)        010000
__S1                     (abs)        00009F
__S4                     (abs)        000000
__S5                     (abs)        000000
__XTAL_FREQ              dataBANK0    00009B
___heap_hi               (abs)        000000
___heap_lo               (abs)        000000
___inthi_sp              stack        000000
___intlo_sp              stack        000000
___lodiv                 text11       0016BE
___lodiv@counter         cstackCOMRAM 000019
___lodiv@dividend        cstackCOMRAM 000001
___lodiv@divisor         cstackCOMRAM 000009
___lodiv@quotient        cstackCOMRAM 000011
___lomod                 text10       00188E
___lomod@counter         cstackCOMRAM 000011
___lomod@dividend        cstackCOMRAM 000001
___lomod@divisor         cstackCOMRAM 000009
___param_bank            (abs)        000000
___rparam_used           (abs)        000001
___sp                    stack        000000
__accesstop              (abs)        000060
__activetblptr           (abs)        000002
__displaycontrol         bssBANK0     000065
__end_of_EnablePulse     text19       001CFA
__end_of_LCD             text21       001D96
__end_of_LCD_Begin       text15       00188E
__end_of_LCD_Clear       text16       001D74
__end_of_LCD_CursorBlink text14       001D2A
__end_of_LCD_Goto        text13       001A70
__end_of_LCD_PutC        text9        001DAA
__end_of_LCD_PutS        text12       001BBA
__end_of_WriteByte       text17       001DBC
__end_of_WriteNibble     text18       001C90
__end_of_WritePin        text20       001B58
__end_of___lodiv         text11       0017AE
__end_of___lomod         text10       00195E
__end_of__initialization cinit        001CBE
__end_of_fputc           text7        0019F4
__end_of_fputs           text6        001C50
__end_of_main            text0        00135A
__end_of_pad             text5        001AEA
__end_of_printf          text1        001D52
__end_of_putch           text8        001DC6
__end_of_utoa            text4        00151A
__end_of_vfpfcnvrt       text3        0016BE
__end_of_vfprintf        text2        001C0C
__initialization         cinit        001C90
__mediumconst            mediumconst  000000
__pbssBANK0              bssBANK0     000060
__pcinit                 cinit        001C90
__pcstackBANK0           cstackBANK0  000086
__pcstackCOMRAM          cstackCOMRAM 000001
__pdataBANK0             dataBANK0    00009B
__pidataBANK0            idataBANK0   001DC6
__pnvBANK0               nvBANK0      000094
__pnvCOMRAM              nvCOMRAM     00005F
__port                   nvBANK0      000094
__psmallconst            smallconst   001000
__ptext0                 text0        001086
__ptext1                 text1        001D2A
__ptext10                text10       00188E
__ptext11                text11       0016BE
__ptext12                text12       001B58
__ptext13                text13       0019F4
__ptext14                text14       001CFA
__ptext15                text15       0017AE
__ptext16                text16       001D52
__ptext17                text17       001DAA
__ptext18                text18       001C50
__ptext19                text19       001CC8
__ptext2                 text2        001BBA
__ptext20                text20       001AEA
__ptext21                text21       001D74
__ptext3                 text3        00151A
__ptext4                 text4        00135A
__ptext5                 text5        001A70
__ptext6                 text6        001C0C
__ptext7                 text7        00195E
__ptext8                 text8        001DBC
__ptext9                 text9        001D96
__ramtop                 ramtop       001000
__smallconst             smallconst   001000
_dbuf                    bssBANK0     000066
_flags                   bssBANK0     000064
_fputc                   text7        00195E
_fputs                   text6        001C0C
_main                    text0        001086
_pad                     text5        001A70
_prec                    bssBANK0     000062
_printf                  text1        001D2A
_putch                   text8        001DBC
_utoa                    text4        00135A
_vfpfcnvrt               text3        00151A
_vfprintf                text2        001BBA
_width                   bssBANK0     000060
end_of_initialization    cinit        001CBE
fputc@c                  cstackCOMRAM 00000A
fputc@fp                 cstackCOMRAM 00000C
fputs@c                  cstackCOMRAM 000017
fputs@fp                 cstackCOMRAM 000015
fputs@i                  cstackCOMRAM 000018
fputs@s                  cstackCOMRAM 000013
intlevel0                text         000000
intlevel1                text         000000
intlevel2                text         000000
intlevel3                text         000000
isa$std                  (abs)        000001
isa$xinst                (abs)        000000
main@pot1                cstackBANK0  000090
main@pot2                cstackBANK0  000092
pad@buf                  cstackCOMRAM 00001C
pad@fp                   cstackCOMRAM 00001A
pad@i                    cstackCOMRAM 000021
pad@p                    cstackCOMRAM 00001E
pad@w                    cstackCOMRAM 000023
printf@ap                cstackBANK0  00008C
printf@fmt               cstackBANK0  000088
putch@c                  cstackCOMRAM 000009
stackhi                  (abs)        000000
stacklo                  (abs)        000000
start                    init         00FFFC
start_initialization     cinit        001C90
utoa@d                   cstackCOMRAM 000027
utoa@fp                  cstackCOMRAM 000025
utoa@i                   cstackCOMRAM 000043
utoa@n                   cstackCOMRAM 00003B
utoa@p                   cstackCOMRAM 000039
utoa@w                   cstackCOMRAM 000037
vfpfcnvrt@ap             cstackCOMRAM 000049
vfpfcnvrt@convarg        cstackCOMRAM 00004F
vfpfcnvrt@cp             cstackCOMRAM 000057
vfpfcnvrt@fmt            cstackCOMRAM 000047
vfpfcnvrt@fp             cstackCOMRAM 000045
vfprintf@ap              cstackCOMRAM 00005D
vfprintf@cfmt            cstackBANK0  000086
vfprintf@fmt             cstackCOMRAM 00005B
vfprintf@fp              cstackCOMRAM 000059


MODULE INFORMATION

Module		Function		Class		Link	Load	Size
C:\Program Files\Microchip\xc8\v2.40\pic\sources\c99\common\nf_fputc.c
		_fputc         		CODE           	195E	0000	150

C:\Program Files\Microchip\xc8\v2.40\pic\sources\c99\common\nf_fputc.c estimated size: 150

../lcd.c
		_WritePin      		CODE           	1AEA	0000	110
		_EnablePulse   		CODE           	1CC8	0000	50
		_LCD_CursorBlink		CODE           	1CFA	0000	48
		_LCD_PutC      		CODE           	1D96	0000	20
		_LCD_PutS      		CODE           	1B58	0000	98
		_LCD           		CODE           	1D74	0000	34
		_WriteByte     		CODE           	1DAA	0000	18
		_LCD_Begin     		CODE           	17AE	0000	224
		_WriteNibble   		CODE           	1C50	0000	64
		_LCD_Clear     		CODE           	1D52	0000	34
		_LCD_Goto      		CODE           	19F4	0000	124

../lcd.c estimated size: 824

C:\Program Files\Microchip\xc8\v2.40\pic\sources\c99\common\printf.c
		_printf        		CODE           	1D2A	0000	40

C:\Program Files\Microchip\xc8\v2.40\pic\sources\c99\common\printf.c estimated size: 40

C:\Program Files\Microchip\xc8\v2.40\pic\sources\c99\common\nf_fputs.c
		_fputs         		CODE           	1C0C	0000	68

C:\Program Files\Microchip\xc8\v2.40\pic\sources\c99\common\nf_fputs.c estimated size: 68

C:\Program Files\Microchip\xc8\v2.40\pic\sources\c99\common\lomod.c
		___lomod       		CODE           	188E	0000	208

C:\Program Files\Microchip\xc8\v2.40\pic\sources\c99\common\lomod.c estimated size: 208

shared
		__initialization		CODE           	1C90	0000	46

shared estimated size: 46

C:\Program Files\Microchip\xc8\v2.40\pic\sources\c99\common\doprnt.c
		_vfpfcnvrt     		CODE           	151A	0000	420
		_pad           		CODE           	1A70	0000	122
		_vfprintf      		CODE           	1BBA	0000	82
		_utoa          		CODE           	135A	0000	448

C:\Program Files\Microchip\xc8\v2.40\pic\sources\c99\common\doprnt.c estimated size: 1072

main.c
		_putch         		CODE           	1DBC	0000	10
		_main          		CODE           	1086	0000	724

main.c estimated size: 734

C:\Program Files\Microchip\xc8\v2.40\pic\sources\c99\common\lodiv.c
		___lodiv       		CODE           	16BE	0000	240

C:\Program Files\Microchip\xc8\v2.40\pic\sources\c99\common\lodiv.c estimated size: 240

