Microchip MPLAB XC8 Compiler V2.40

Linker command line:

-W-3 \
  --edf=C:\Program Files\Microchip\xc8\v2.40\pic\dat\20220703182018_en.msgs \
  -cn -h+dist/default/production\PIC18F46K22.production.sym \
  --cmf=dist/default/production\PIC18F46K22.production.cmf -z -Q18F46K22 \
  -oC:\Users\NoName\AppData\Local\Temp\xcAs1304.4 --defsym=__MPLAB_BUILD=1 \
  --fixupoverflow=error \
  -Mdist/default/production/PIC18F46K22.production.map \
  --md=C:\Users\NoName\AppData\Local\Temp\xcAs1304.dat -E1 \
  -ver=XC8 Compiler --acfsm=1493 -ACODE=00h-0FFFFh -ACONST=00h-0FFFFh \
  -ASMALLCONST=01000h-010FFhx240 -AMEDIUMCONST=01000h-0FFFFh \
  -ACOMRAM=01h-05Fh -AABS1=00h-0F37h -ABIGRAM=01h-0F37h \
  -ARAM=060h-0FFh,0100h-01FFhx14,0F00h-0F37h -ABANK0=060h-0FFh \
  -ABANK1=0100h-01FFh -ABANK2=0200h-02FFh -ABANK3=0300h-03FFh \
  -ABANK4=0400h-04FFh -ABANK5=0500h-05FFh -ABANK6=0600h-06FFh \
  -ABANK7=0700h-07FFh -ABANK8=0800h-08FFh -ABANK9=0900h-09FFh \
  -ABANK10=0A00h-0AFFh -ABANK11=0B00h-0BFFh -ABANK12=0C00h-0CFFh \
  -ABANK13=0D00h-0DFFh -ABANK14=0E00h-0EFFh -ABANK15=0F00h-0F37h \
  -ASFR=0F38h-0F5Fh,0F60h-0FFFh -ABIGSFR=0F38h-0FFFh \
  -ACONFIG=0300000h-030000Dh -AIDLOC=0200000h-0200007h \
  -AEEDATA=0F00000h-0F003FFh -peeprom_data=EEDATA \
  -preset_vec=00h,intcode,intcodelo,powerup,init -pramtop=01000h \
  -psmallconst=SMALLCONST -pmediumconst=MEDIUMCONST -pconst=CONST \
  -AFARRAM=00h-00h \
  -prdata=COMRAM,nvrram=COMRAM,nvbit=COMRAM,rbss=COMRAM,rbit=COMRAM \
  -pfarbss=FARRAM,fardata=FARRAM,nvFARRAM=FARRAM \
  -pintsave_regs=BIGRAM,bigbss=BIGRAM,bigdata=BIGRAM -pbss=RAM \
  -pidata=CODE,irdata=CODE,ibigdata=CODE,ifardata=CODE -prparam=COMRAM \
  C:\Users\NoName\AppData\Local\Temp\xcAs1304.o \
  dist/default/production\PIC18F46K22.production.o 

Object code version is 3.11

Machine type is 18F46K22



                Name                               Link     Load   Length Selector   Space Scale
C:\Users\NoName\AppData\Local\Temp\xcAs1304.o
                config                           300000   300000        E        0       4
                init                                  0        0        4        0       0
dist/default/production\PIC18F46K22.production.o
                config                           300000   300000        E        0       4
                smallconst                         1000     1000       1A      800       0
                text24                             1C36     1C36       22      80D       0
                text23                             19A8     19A8       52      80D       0
                text22                             1B6E     1B6E       32      80D       0
                text21                             1A8E     1A8E       40      80D       0
                text20                             1C6E     1C6E       12      80D       0
                text19                             1C12     1C12       24      80D       0
                text18                             1604     1604       D8      80D       0
                text17                             1946     1946       62      80D       0
                text16                             19FA     19FA       50      80D       0
                text15                             1BC8     1BC8       26      80D       0
                text14                             1BEE     1BEE       24      80D       0
                text13                             1B3C     1B3C       32      80D       0
                text12                             1410     1410      10C      80D       0
                text11                             16DC     16DC       CE      80D       0
                text10                             17AA     17AA       AE      80D       0
                text9                              1C58     1C58       16      80D       0
                text8                              1C80     1C80        A      80D       0
                text7                              18DA     18DA       6C      80D       0
                text6                              1ACE     1ACE       38      80D       0
                text5                              1858     1858       82      80D       0
                text4                              1268     1268      1A8      80D       0
                text3                              101A     101A      24E      80D       0
                text2                              1A4A     1A4A       44      80D       0
                text1                              1BA0     1BA0       28      80D       0
                text0                              151C     151C       E8      80D       0
                cstackCOMRAM                          1        1       5F        1       1
                cstackBANK0                          86       86        C       60       1
                dataBANK0                            9A       9A        4       60       1
                bssBANK0                             60       60       26       60       1
                cinit                              1B06     1B06       36      80D       0
                nvBANK0                              92       92        8       60       1
                idataBANK0                         1C8A     1C8A        4      80D       0

TOTAL           Name                               Link     Load   Length     Space
        CLASS   CODE           
                init                                  0        0        4         0
                text24                             1C36     1C36       22         0
                text23                             19A8     19A8       52         0
                text22                             1B6E     1B6E       32         0
                text21                             1A8E     1A8E       40         0
                text20                             1C6E     1C6E       12         0
                text19                             1C12     1C12       24         0
                text18                             1604     1604       D8         0
                text17                             1946     1946       62         0
                text16                             19FA     19FA       50         0
                text15                             1BC8     1BC8       26         0
                text14                             1BEE     1BEE       24         0
                text13                             1B3C     1B3C       32         0
                text12                             1410     1410      10C         0
                text11                             16DC     16DC       CE         0
                text10                             17AA     17AA       AE         0
                text9                              1C58     1C58       16         0
                text8                              1C80     1C80        A         0
                text7                              18DA     18DA       6C         0
                text6                              1ACE     1ACE       38         0
                text5                              1858     1858       82         0
                text4                              1268     1268      1A8         0
                text3                              101A     101A      24E         0
                text2                              1A4A     1A4A       44         0
                text1                              1BA0     1BA0       28         0
                text0                              151C     151C       E8         0
                cinit                              1B06     1B06       36         0
                idataBANK0                         1C8A     1C8A        4         0

        CLASS   CONST          

        CLASS   SMALLCONST     
                smallconst                         1000     1000       1A         0

        CLASS   MEDIUMCONST    

        CLASS   COMRAM         
                cstackCOMRAM                          1        1       5F         1

        CLASS   ABS1           

        CLASS   BIGRAM         

        CLASS   RAM            

        CLASS   BANK0          
                cstackBANK0                          86       86        C         1
                dataBANK0                            9A       9A        4         1
                bssBANK0                             60       60       26         1
                nvBANK0                              92       92        8         1

        CLASS   BANK1          

        CLASS   BANK2          

        CLASS   BANK3          

        CLASS   BANK4          

        CLASS   BANK5          

        CLASS   BANK6          

        CLASS   BANK7          

        CLASS   BANK8          

        CLASS   BANK9          

        CLASS   BANK10         

        CLASS   BANK11         

        CLASS   BANK12         

        CLASS   BANK13         

        CLASS   BANK14         

        CLASS   BANK15         

        CLASS   SFR            

        CLASS   BIGSFR         

        CLASS   CONFIG         
                config                           300000   300000        E         4

        CLASS   IDLOC          

        CLASS   EEDATA         

        CLASS   FARRAM         

        CLASS   HEAP           

        CLASS   STACK          



SEGMENTS        Name                           Load    Length   Top    Selector   Space  Class

                reset_vec                      000000  000004  000004         0       0  CODE    
                cstackCOMRAM                   000001  00005F  000060         1       1  COMRAM  
                bssBANK0                       000060  00003E  00009E        60       1  BANK0   
                smallconst                     001000  00001A  00101A       800       0  SMALLCON
                text3                          00101A  000C74  001C8E       80D       0  CODE    


UNUSED ADDRESS RANGES

        Name                Unused          Largest block    Delta
        BANK0            00009E-0000FF               62
        BANK1            000100-0001FF              100
        BANK10           000A00-000AFF              100
        BANK11           000B00-000BFF              100
        BANK12           000C00-000CFF              100
        BANK13           000D00-000DFF              100
        BANK14           000E00-000EFF              100
        BANK15           000F00-000F37               38
        BANK2            000200-0002FF              100
        BANK3            000300-0003FF              100
        BANK4            000400-0004FF              100
        BANK5            000500-0005FF              100
        BANK6            000600-0006FF              100
        BANK7            000700-0007FF              100
        BANK8            000800-0008FF              100
        BANK9            000900-0009FF              100
        BIGRAM           00009E-000F37              E9A
        BIGSFR           000F38-000FFF               C8
        CODE             000004-000FFF              FFC
                         001C8E-00FFFF             E372
        CONST            000004-000FFF              FFC
                         001C8E-00FFFF             E372
        EEDATA           F00000-F003FF              400
        IDLOC            200000-200007                8
        MEDIUMCONST      001C8E-00FFFF             E372
        RAM              00009E-000F37              100
        SFR              000F38-000FFF               28
        SMALLCONST       001C8E-00FFFF              100

                                  Symbol Table

?___lodiv                cstackCOMRAM 000001
?___lomod                cstackCOMRAM 000001
?___wmul                 cstackCOMRAM 000001
?_atoi                   cstackCOMRAM 000007
?_isdigit                cstackCOMRAM 000001
?_isspace                cstackCOMRAM 000001
?_printf                 cstackBANK0  00008C
?_vfprintf               cstackBANK0  000086
LCD@_p                   cstackCOMRAM 000001
LCD@d4                   cstackCOMRAM 000005
LCD@d5                   cstackCOMRAM 000006
LCD@d6                   cstackCOMRAM 000007
LCD@d7                   cstackCOMRAM 000008
LCD@en                   cstackCOMRAM 000004
LCD@rs                   cstackCOMRAM 000003
LCD_Begin@_function_set  cstackCOMRAM 00000C
LCD_Begin@lines          cstackCOMRAM 000009
LCD_Goto@col             cstackCOMRAM 00000B
LCD_Goto@row             cstackCOMRAM 000008
LCD_PutC@c               cstackCOMRAM 000008
LCD_PutS@_str            cstackCOMRAM 000008
LCD_PutS@i               cstackCOMRAM 00000C
WriteByte@b              cstackCOMRAM 000007
WriteNibble@b            cstackCOMRAM 000006
WritePin@_pin            cstackCOMRAM 000005
WritePin@val             cstackCOMRAM 000001
_ANSELD                  (abs)        000F3B
_EnablePulse             text22       001B6E
_LCD                     text24       001C36
_LCD_Begin               text18       001604
_LCD_Clear               text19       001C12
_LCD_D4                  nvBANK0      000097
_LCD_D5                  nvBANK0      000096
_LCD_D6                  nvBANK0      000095
_LCD_D7                  nvBANK0      000094
_LCD_EN                  nvBANK0      000098
_LCD_Goto                text17       001946
_LCD_PutC                text9        001C58
_LCD_PutS                text16       0019FA
_LCD_RS                  nvBANK0      000099
_OSCCON                  (abs)        000FD3
_PORTD                   (abs)        000F83
_TRISD                   (abs)        000F95
_WriteByte               text20       001C6E
_WriteNibble             text21       001A8E
_WritePin                text23       0019A8
__HRAM                   (abs)        000000
__Habs1                  abs1         000000
__Hbank0                 bank0        000000
__Hbank1                 bank1        000000
__Hbank10                bank10       000000
__Hbank11                bank11       000000
__Hbank12                bank12       000000
__Hbank13                bank13       000000
__Hbank14                bank14       000000
__Hbank15                bank15       000000
__Hbank2                 bank2        000000
__Hbank3                 bank3        000000
__Hbank4                 bank4        000000
__Hbank5                 bank5        000000
__Hbank6                 bank6        000000
__Hbank7                 bank7        000000
__Hbank8                 bank8        000000
__Hbank9                 bank9        000000
__Hbigbss                bigbss       000000
__Hbigdata               bigdata      000000
__Hbigram                bigram       000000
__Hbigsfr                bigsfr       000000
__Hbss                   bss          000000
__HbssBANK0              bssBANK0     000000
__Hcinit                 cinit        000000
__Hclrtext               clrtext      000000
__Hcomram                comram       000000
__Hconfig                config       30000E
__Hconst                 const        000000
__HcstackBANK0           cstackBANK0  000000
__HcstackCOMRAM          cstackCOMRAM 000000
__Hdata                  data         000000
__HdataBANK0             dataBANK0    000000
__Heeprom_data           eeprom_data  000000
__Hfarbss                farbss       000000
__Hfardata               fardata      000000
__Hheap                  heap         000000
__Hibigdata              ibigdata     000000
__Hidata                 idata        000000
__HidataBANK0            idataBANK0   000000
__Hidloc                 idloc        000000
__Hifardata              ifardata     000000
__Hinit                  init         000004
__Hintcode               intcode      000000
__Hintcode_body          intcode_body 000000
__Hintcodelo             intcodelo    000000
__Hintentry              intentry     000000
__Hintret                intret       000000
__Hintsave_regs          intsave_regs 000000
__Hirdata                irdata       000000
__Hmediumconst           mediumconst  000000
__HnvBANK0               nvBANK0      000000
__HnvFARRAM              nvFARRAM     000000
__Hnvbit                 nvbit        000000
__Hnvrram                nvrram       000000
__Hparam                 rparam       000000
__Hpowerup               powerup      000000
__Hram                   ram          000000
__Hramtop                ramtop       001000
__Hrbit                  rbit         000000
__Hrbss                  rbss         000000
__Hrdata                 rdata        000000
__Hreset_vec             reset_vec    000000
__Hrparam                rparam       000000
__Hsfr                   sfr          000000
__Hsmallconst            smallconst   00101A
__Hspace_0               (abs)        001C8E
__Hspace_1               (abs)        00009E
__Hspace_2               (abs)        000000
__Hspace_4               (abs)        60000E
__Hstack                 stack        000000
__Hstruct                struct       000000
__Htemp                  temp         000000
__Htext                  text         000000
__Htext0                 text0        000000
__Htext1                 text1        000000
__Htext10                text10       000000
__Htext11                text11       000000
__Htext12                text12       000000
__Htext13                text13       000000
__Htext14                text14       000000
__Htext15                text15       000000
__Htext16                text16       000000
__Htext17                text17       000000
__Htext18                text18       000000
__Htext19                text19       000000
__Htext2                 text2        000000
__Htext20                text20       000000
__Htext21                text21       000000
__Htext22                text22       000000
__Htext23                text23       000000
__Htext24                text24       000000
__Htext3                 text3        000000
__Htext4                 text4        000000
__Htext5                 text5        000000
__Htext6                 text6        000000
__Htext7                 text7        000000
__Htext8                 text8        000000
__Htext9                 text9        000000
__LRAM                   (abs)        000001
__Labs1                  abs1         000000
__Lbank0                 bank0        000000
__Lbank1                 bank1        000000
__Lbank10                bank10       000000
__Lbank11                bank11       000000
__Lbank12                bank12       000000
__Lbank13                bank13       000000
__Lbank14                bank14       000000
__Lbank15                bank15       000000
__Lbank2                 bank2        000000
__Lbank3                 bank3        000000
__Lbank4                 bank4        000000
__Lbank5                 bank5        000000
__Lbank6                 bank6        000000
__Lbank7                 bank7        000000
__Lbank8                 bank8        000000
__Lbank9                 bank9        000000
__Lbigbss                bigbss       000000
__Lbigdata               bigdata      000000
__Lbigram                bigram       000000
__Lbigsfr                bigsfr       000000
__Lbss                   bss          000000
__LbssBANK0              bssBANK0     000000
__Lcinit                 cinit        000000
__Lclrtext               clrtext      000000
__Lcomram                comram       000000
__Lconfig                config       000000
__Lconst                 const        000000
__LcstackBANK0           cstackBANK0  000000
__LcstackCOMRAM          cstackCOMRAM 000000
__Ldata                  data         000000
__LdataBANK0             dataBANK0    000000
__Leeprom_data           eeprom_data  000000
__Lfarbss                farbss       000000
__Lfardata               fardata      000000
__Lheap                  heap         000000
__Libigdata              ibigdata     000000
__Lidata                 idata        000000
__LidataBANK0            idataBANK0   000000
__Lidloc                 idloc        000000
__Lifardata              ifardata     000000
__Linit                  init         000000
__Lintcode               intcode      000000
__Lintcode_body          intcode_body 000000
__Lintcodelo             intcodelo    000000
__Lintentry              intentry     000000
__Lintret                intret       000000
__Lintsave_regs          intsave_regs 000000
__Lirdata                irdata       000000
__Lmediumconst           mediumconst  000000
__LnvBANK0               nvBANK0      000000
__LnvFARRAM              nvFARRAM     000000
__Lnvbit                 nvbit        000000
__Lnvrram                nvrram       000000
__Lparam                 rparam       000000
__Lpowerup               powerup      000000
__Lram                   ram          000000
__Lramtop                ramtop       001000
__Lrbit                  rbit         000000
__Lrbss                  rbss         000000
__Lrdata                 rdata        000000
__Lreset_vec             reset_vec    000000
__Lrparam                rparam       000000
__Lsfr                   sfr          000000
__Lsmallconst            smallconst   001000
__Lspace_0               (abs)        000000
__Lspace_1               (abs)        000000
__Lspace_2               (abs)        000000
__Lspace_4               (abs)        000000
__Lstack                 stack        000000
__Lstruct                struct       000000
__Ltemp                  temp         000000
__Ltext                  text         000000
__Ltext0                 text0        000000
__Ltext1                 text1        000000
__Ltext10                text10       000000
__Ltext11                text11       000000
__Ltext12                text12       000000
__Ltext13                text13       000000
__Ltext14                text14       000000
__Ltext15                text15       000000
__Ltext16                text16       000000
__Ltext17                text17       000000
__Ltext18                text18       000000
__Ltext19                text19       000000
__Ltext2                 text2        000000
__Ltext20                text20       000000
__Ltext21                text21       000000
__Ltext22                text22       000000
__Ltext23                text23       000000
__Ltext24                text24       000000
__Ltext3                 text3        000000
__Ltext4                 text4        000000
__Ltext5                 text5        000000
__Ltext6                 text6        000000
__Ltext7                 text7        000000
__Ltext8                 text8        000000
__Ltext9                 text9        000000
__S0                     (abs)        001C8E
__S1                     (abs)        00009E
__S4                     (abs)        000000
__S5                     (abs)        000000
__XTAL_FREQ              dataBANK0    00009A
___heap_hi               (abs)        000000
___heap_lo               (abs)        000000
___inthi_sp              stack        000000
___intlo_sp              stack        000000
___lodiv                 text11       0016DC
___lodiv@counter         cstackCOMRAM 000019
___lodiv@dividend        cstackCOMRAM 000001
___lodiv@divisor         cstackCOMRAM 000009
___lodiv@quotient        cstackCOMRAM 000011
___lomod                 text10       0017AA
___lomod@counter         cstackCOMRAM 000011
___lomod@dividend        cstackCOMRAM 000001
___lomod@divisor         cstackCOMRAM 000009
___param_bank            (abs)        000000
___rparam_used           (abs)        000001
___sp                    stack        000000
___wmul                  text15       001BC8
___wmul@multiplicand     cstackCOMRAM 000003
___wmul@multiplier       cstackCOMRAM 000001
___wmul@product          cstackCOMRAM 000005
__accesstop              (abs)        000060
__activetblptr           (abs)        000002
__displaycontrol         bssBANK0     000065
__end_of_EnablePulse     text22       001BA0
__end_of_LCD             text24       001C58
__end_of_LCD_Begin       text18       0016DC
__end_of_LCD_Clear       text19       001C36
__end_of_LCD_Goto        text17       0019A8
__end_of_LCD_PutC        text9        001C6E
__end_of_LCD_PutS        text16       001A4A
__end_of_WriteByte       text20       001C80
__end_of_WriteNibble     text21       001ACE
__end_of_WritePin        text23       0019FA
__end_of___lodiv         text11       0017AA
__end_of___lomod         text10       001858
__end_of___wmul          text15       001BEE
__end_of__initialization cinit        001B32
__end_of_atoi            text12       00151C
__end_of_fputc           text7        001946
__end_of_fputs           text6        001B06
__end_of_isdigit         text14       001C12
__end_of_isspace         text13       001B6E
__end_of_main            text0        001604
__end_of_pad             text5        0018DA
__end_of_printf          text1        001BC8
__end_of_putch           text8        001C8A
__end_of_utoa            text4        001410
__end_of_vfpfcnvrt       text3        001268
__end_of_vfprintf        text2        001A8E
__initialization         cinit        001B06
__mediumconst            mediumconst  000000
__pbssBANK0              bssBANK0     000060
__pcinit                 cinit        001B06
__pcstackBANK0           cstackBANK0  000086
__pcstackCOMRAM          cstackCOMRAM 000001
__pdataBANK0             dataBANK0    00009A
__pidataBANK0            idataBANK0   001C8A
__pnvBANK0               nvBANK0      000092
__port                   nvBANK0      000092
__psmallconst            smallconst   001000
__ptext0                 text0        00151C
__ptext1                 text1        001BA0
__ptext10                text10       0017AA
__ptext11                text11       0016DC
__ptext12                text12       001410
__ptext13                text13       001B3C
__ptext14                text14       001BEE
__ptext15                text15       001BC8
__ptext16                text16       0019FA
__ptext17                text17       001946
__ptext18                text18       001604
__ptext19                text19       001C12
__ptext2                 text2        001A4A
__ptext20                text20       001C6E
__ptext21                text21       001A8E
__ptext22                text22       001B6E
__ptext23                text23       0019A8
__ptext24                text24       001C36
__ptext3                 text3        00101A
__ptext4                 text4        001268
__ptext5                 text5        001858
__ptext6                 text6        001ACE
__ptext7                 text7        0018DA
__ptext8                 text8        001C80
__ptext9                 text9        001C58
__ramtop                 ramtop       001000
__smallconst             smallconst   001000
_atoi                    text12       001410
_dbuf                    bssBANK0     000066
_flags                   bssBANK0     000064
_fputc                   text7        0018DA
_fputs                   text6        001ACE
_isdigit                 text14       001BEE
_isspace                 text13       001B3C
_isspace$718             cstackCOMRAM 000005
_main                    text0        00151C
_pad                     text5        001858
_prec                    bssBANK0     000062
_printf                  text1        001BA0
_putch                   text8        001C80
_utoa                    text4        001268
_vfpfcnvrt               text3        00101A
_vfprintf                text2        001A4A
_width                   bssBANK0     000060
atoi@n                   cstackCOMRAM 00000E
atoi@neg                 cstackCOMRAM 00000C
atoi@s                   cstackCOMRAM 000007
end_of_initialization    cinit        001B32
fputc@c                  cstackCOMRAM 00000A
fputc@fp                 cstackCOMRAM 00000C
fputs@c                  cstackCOMRAM 000017
fputs@fp                 cstackCOMRAM 000015
fputs@i                  cstackCOMRAM 000018
fputs@s                  cstackCOMRAM 000013
intlevel0                text         000000
intlevel1                text         000000
intlevel2                text         000000
intlevel3                text         000000
isa$std                  (abs)        000001
isa$xinst                (abs)        000000
isdigit@c                cstackCOMRAM 000001
isspace@c                cstackCOMRAM 000001
main@i                   cstackCOMRAM 00005F
pad@buf                  cstackCOMRAM 00001C
pad@fp                   cstackCOMRAM 00001A
pad@i                    cstackCOMRAM 000021
pad@p                    cstackCOMRAM 00001E
pad@w                    cstackCOMRAM 000023
printf@ap                cstackCOMRAM 00005D
printf@fmt               cstackBANK0  00008C
putch@c                  cstackCOMRAM 000009
stackhi                  (abs)        000000
stacklo                  (abs)        000000
start                    init         000000
start_initialization     cinit        001B06
utoa@d                   cstackCOMRAM 000027
utoa@fp                  cstackCOMRAM 000025
utoa@i                   cstackCOMRAM 000043
utoa@n                   cstackCOMRAM 00003B
utoa@p                   cstackCOMRAM 000037
utoa@w                   cstackCOMRAM 000039
vfpfcnvrt@ap             cstackCOMRAM 000049
vfpfcnvrt@convarg        cstackCOMRAM 00004F
vfpfcnvrt@cp             cstackCOMRAM 000059
vfpfcnvrt@done           cstackCOMRAM 000057
vfpfcnvrt@fmt            cstackCOMRAM 000047
vfpfcnvrt@fp             cstackCOMRAM 000045
vfprintf@ap              cstackBANK0  00008A
vfprintf@cfmt            cstackCOMRAM 00005B
vfprintf@fmt             cstackBANK0  000088
vfprintf@fp              cstackBANK0  000086


MODULE INFORMATION

Module		Function		Class		Link	Load	Size
C:\Program Files\Microchip\xc8\v2.40\pic\sources\c99\common\nf_fputc.c
		_fputc         		CODE           	18DA	0000	108

C:\Program Files\Microchip\xc8\v2.40\pic\sources\c99\common\nf_fputc.c estimated size: 108

C:\Program Files\Microchip\xc8\v2.40\pic\sources\c99\common\isspace.c
		_isspace       		CODE           	1B3C	0000	50

C:\Program Files\Microchip\xc8\v2.40\pic\sources\c99\common\isspace.c estimated size: 50

C:\Program Files\Microchip\xc8\v2.40\pic\sources\c99\common\atoi.c
		_atoi          		CODE           	1410	0000	268

C:\Program Files\Microchip\xc8\v2.40\pic\sources\c99\common\atoi.c estimated size: 268

C:\Program Files\Microchip\xc8\v2.40\pic\sources\c99\common\Umul16.c
		___wmul        		CODE           	1BC8	0000	38

C:\Program Files\Microchip\xc8\v2.40\pic\sources\c99\common\Umul16.c estimated size: 38

../lcd.c
		_WritePin      		CODE           	19A8	0000	82
		_EnablePulse   		CODE           	1B6E	0000	50
		_LCD_PutC      		CODE           	1C58	0000	22
		_LCD_PutS      		CODE           	19FA	0000	80
		_LCD           		CODE           	1C36	0000	34
		_WriteByte     		CODE           	1C6E	0000	18
		_LCD_Begin     		CODE           	1604	0000	216
		_WriteNibble   		CODE           	1A8E	0000	64
		_LCD_Clear     		CODE           	1C12	0000	36
		_LCD_Goto      		CODE           	1946	0000	98

../lcd.c estimated size: 700

C:\Program Files\Microchip\xc8\v2.40\pic\sources\c99\common\printf.c
		_printf        		CODE           	1BA0	0000	40

C:\Program Files\Microchip\xc8\v2.40\pic\sources\c99\common\printf.c estimated size: 40

C:\Program Files\Microchip\xc8\v2.40\pic\sources\c99\common\isdigit.c
		_isdigit       		CODE           	1BEE	0000	36

C:\Program Files\Microchip\xc8\v2.40\pic\sources\c99\common\isdigit.c estimated size: 36

C:\Program Files\Microchip\xc8\v2.40\pic\sources\c99\common\nf_fputs.c
		_fputs         		CODE           	1ACE	0000	56

C:\Program Files\Microchip\xc8\v2.40\pic\sources\c99\common\nf_fputs.c estimated size: 56

C:\Program Files\Microchip\xc8\v2.40\pic\sources\c99\common\lomod.c
		___lomod       		CODE           	17AA	0000	174

C:\Program Files\Microchip\xc8\v2.40\pic\sources\c99\common\lomod.c estimated size: 174

shared
		__initialization		CODE           	1B06	0000	44

shared estimated size: 44

C:\Program Files\Microchip\xc8\v2.40\pic\sources\c99\common\doprnt.c
		_vfpfcnvrt     		CODE           	101A	0000	590
		_pad           		CODE           	1858	0000	130
		_vfprintf      		CODE           	1A4A	0000	68
		_utoa          		CODE           	1268	0000	424

C:\Program Files\Microchip\xc8\v2.40\pic\sources\c99\common\doprnt.c estimated size: 1212

main.c
		_putch         		CODE           	1C80	0000	10
		_main          		CODE           	151C	0000	232

main.c estimated size: 242

C:\Program Files\Microchip\xc8\v2.40\pic\sources\c99\common\lodiv.c
		___lodiv       		CODE           	16DC	0000	206

C:\Program Files\Microchip\xc8\v2.40\pic\sources\c99\common\lodiv.c estimated size: 206

